// Jest Snapshot v1, https://goo.gl/fbAQLP

exports[`PrivacyPage renders 1`] = `
<div
  className="app"
>
  <Navbar />
  <br />
  <div
    className="container"
  >
    <FormNav />
    <br />
    <form
      onSubmit={[Function]}
    >
      <div
        className="form-group"
      >
        <div
          className="form-check"
        >
          <input
            checked={true}
            className="form-check-input"
            id="updates"
            onChange={[Function]}
            type="checkbox"
            value="updates"
          />
          <label
            className="form-check-label"
            htmlFor="updates"
          >
            Receive updates about Tray.io product by email
          </label>
        </div>
        <div
          className="form-check"
        >
          <input
            checked={false}
            className="form-check-input"
            id="communication"
            onChange={[Function]}
            type="checkbox"
            value="communication"
          />
          <label
            className="form-check-label"
            htmlFor="communication"
          >
            Receive communication by email for other products created by the Tray.io team
          </label>
        </div>
      </div>
      <button
        className="btn btn-primary"
        type="submit"
      >
        Submit
      </button>
    </form>
  </div>
</div>
`;
