// Jest Snapshot v1, https://goo.gl/fbAQLP

exports[`FormNav renders 1`] = `
<ul
  className="nav nav-pills nav-fill form-nav"
>
  <li
    className="nav-item"
  >
    <Link
      className="nav-link active"
      href="/"
    >
      User
    </Link>
  </li>
  <li
    className="nav-item"
  >
    <Link
      className="nav-link disabled"
      href="/privacy"
    >
      Privacy
    </Link>
  </li>
  <li
    className="nav-item"
  >
    <Link
      className="nav-link disabled"
      href="/done"
    >
      Done
    </Link>
  </li>
</ul>
`;
