// Jest Snapshot v1, https://goo.gl/fbAQLP

exports[`App renders 1`] = `
<Fragment>
  <Route
    path="/"
  >
    <IndexPage />
  </Route>
  <Route
    path="/privacy"
  >
    <PrivacyPage />
  </Route>
  <Route
    path="/done"
  >
    <DonePage />
  </Route>
</Fragment>
`;
